11:56:28 [types] Generated 97ms
11:56:28 [check] Getting diagnostics for Astro files in /app/how-rich-is-too-rich...
[96msrc/layouts/Layout.astro[0m:[93m73[0m:[93m17[0m - [93mwarning[0m[90m astro(4000): [0mThis script will be treated as if it has the `is:inline` directive because it contains an attribute. Therefore, features that require processing (e.g. using TypeScript or npm packages in the script) are unavailable.

See docs for more details: https://docs.astro.build/en/guides/client-side-scripts/#script-processing.

Add the `is:inline` directive explicitly to silence this hint.

[7m73[0m         <script type="application/ld+json" set:html={JSON.stringify(faqSchema)} />
[7m  [0m [93m                ~~~~[0m

[96msrc/pages/index.astro[0m:[93m1069[0m:[93m9[0m - [93mwarning[0m[90m ts(6133): [0m'dblStaked' is declared but its value is never read.

[7m1069[0m     let dblStaked = 0;
[7m    [0m [93m        ~~~~~~~~~[0m
[96msrc/pages/index.astro[0m:[93m356[0m:[93m7[0m - [93mwarning[0m[90m ts(6133): [0m'percentSpent' is declared but its value is never read.

[7m356[0m       percentSpent,
[7m   [0m [93m      ~~~~~~~~~~~~[0m
[96msrc/pages/index.astro[0m:[93m350[0m:[93m21[0m - [93mwarning[0m[90m ts(6133): [0m'CATEGORY_ORDER' is declared but its value is never read.

[7m350[0m     import { ITEMS, CATEGORY_ORDER } from '../data/items';
[7m   [0m [93m                    ~~~~~~~~~~~~~~[0m

Result (14 files):
- 0 errors
- 0 warnings
- 4 hints
