11:52:20 [types] Generated 90ms
11:52:20 [check] Getting diagnostics for Astro files in /app/how-rich-is-too-rich...
[96msrc/layouts/Layout.astro[0m:[93m73[0m:[93m17[0m - [93mwarning[0m[90m astro(4000): [0mThis script will be treated as if it has the `is:inline` directive because it contains an attribute. Therefore, features that require processing (e.g. using TypeScript or npm packages in the script) are unavailable.

See docs for more details: https://docs.astro.build/en/guides/client-side-scripts/#script-processing.

Add the `is:inline` directive explicitly to silence this hint.

[7m73[0m         <script type="application/ld+json" set:html={JSON.stringify(faqSchema)} />
[7m  [0m [93m                ~~~~[0m

[96msrc/pages/index.astro[0m:[93m479[0m:[93m14[0m - [91merror[0m[90m ts(18047): [0m'ctx' is possibly 'null'.

[7m479[0m         else ctx.clearRect(0, 0, confettiCanvas.width, confettiCanvas.height);
[7m   [0m [91m             ~~~[0m
[96msrc/pages/index.astro[0m:[93m476[0m:[93m11[0m - [91merror[0m[90m ts(18047): [0m'ctx' is possibly 'null'.

[7m476[0m           ctx.restore();
[7m   [0m [91m          ~~~[0m
[96msrc/pages/index.astro[0m:[93m475[0m:[93m11[0m - [91merror[0m[90m ts(18047): [0m'ctx' is possibly 'null'.

[7m475[0m           ctx.fillRect(-p.w / 2, -p.h / 2, p.w, p.h);
[7m   [0m [91m          ~~~[0m
[96msrc/pages/index.astro[0m:[93m474[0m:[93m11[0m - [91merror[0m[90m ts(18047): [0m'ctx' is possibly 'null'.

[7m474[0m           ctx.fillStyle = p.color;
[7m   [0m [91m          ~~~[0m
[96msrc/pages/index.astro[0m:[93m473[0m:[93m11[0m - [91merror[0m[90m ts(18047): [0m'ctx' is possibly 'null'.

[7m473[0m           ctx.rotate(p.rot);
[7m   [0m [91m          ~~~[0m
[96msrc/pages/index.astro[0m:[93m472[0m:[93m11[0m - [91merror[0m[90m ts(18047): [0m'ctx' is possibly 'null'.

[7m472[0m           ctx.translate(p.x, p.y);
[7m   [0m [91m          ~~~[0m
[96msrc/pages/index.astro[0m:[93m471[0m:[93m11[0m - [91merror[0m[90m ts(18047): [0m'ctx' is possibly 'null'.

[7m471[0m           ctx.save();
[7m   [0m [91m          ~~~[0m
[96msrc/pages/index.astro[0m:[93m468[0m:[93m9[0m - [91merror[0m[90m ts(18047): [0m'ctx' is possibly 'null'.

[7m468[0m         ctx.clearRect(0, 0, confettiCanvas.width, confettiCanvas.height);
[7m   [0m [91m        ~~~[0m
[96msrc/pages/index.astro[0m:[93m1069[0m:[93m9[0m - [93mwarning[0m[90m ts(6133): [0m'dblStaked' is declared but its value is never read.

[7m1069[0m     let dblStaked = 0;
[7m    [0m [93m        ~~~~~~~~~[0m
[96msrc/pages/index.astro[0m:[93m356[0m:[93m7[0m - [93mwarning[0m[90m ts(6133): [0m'percentSpent' is declared but its value is never read.

[7m356[0m       percentSpent,
[7m   [0m [93m      ~~~~~~~~~~~~[0m
[96msrc/pages/index.astro[0m:[93m350[0m:[93m21[0m - [93mwarning[0m[90m ts(6133): [0m'CATEGORY_ORDER' is declared but its value is never read.

[7m350[0m     import { ITEMS, CATEGORY_ORDER } from '../data/items';
[7m   [0m [93m                    ~~~~~~~~~~~~~~[0m

Result (14 files):
- 8 errors
- 0 warnings
- 4 hints
